// Jest Snapshot v1, https://goo.gl/fbAQLP

exports[`Home component snapshot 1`] = `
<DocumentFragment>
  <section>
    <h4>
      Welcome to our page
    </h4>
    <p>
      Lorem ipsum dolor sit amet consectetur adipisicing elit. Illum rerum dolores ea quos exercitationem libero et eveniet porro est similique. Eos repudiandae dolore nam veniam itaque voluptas, incidunt necessitatibus maxime.
    </p>
    <p>
      Lorem ipsum dolor sit amet consectetur adipisicing elit. Illum rerum dolores ea quos exercitationem libero et eveniet porro est similique. Eos repudiandae dolore nam veniam itaque voluptas, incidunt necessitatibus maxime.
    </p>
    <p>
      Lorem ipsum dolor sit amet consectetur adipisicing elit. Illum rerum dolores ea quos exercitationem libero et eveniet porro est similique. Eos repudiandae dolore nam veniam itaque voluptas, incidunt necessitatibus maxime.
    </p>
  </section>
</DocumentFragment>
`;
